// Jest Snapshot v1, https://goo.gl/fbAQLP

exports[`renders AboutUs correctly 1`] = `
<div
  className="aboutCenter"
>
  <div
    className="aboutHeader"
  >
    <h2>
      About Us
    </h2>
  </div>
  <div
    className="row"
  >
    <div
      className="col-md-4"
    >
      <h4
        className="cardTitle"
      />
      <p
        className="cardParagraph"
      />
    </div>
    <div
      className="col-md-4"
    >
      <h4
        className="cardTitle"
      />
      <p
        className="cardParagraph"
      />
    </div>
    <div
      className="col-md-4"
    >
      <h4
        className="cardTitle"
      />
      <p
        className="cardParagraph"
      />
    </div>
    <div
      className="col-md-4"
    >
      <h4
        className="cardTitle"
      />
      <p
        className="cardParagraph"
      />
    </div>
    <div
      className="col-md-4"
    >
      <h4
        className="cardTitle"
      />
      <p
        className="cardParagraph"
      />
    </div>
    <div
      className="col-md-4"
    >
      <h4
        className="cardTitle"
      />
      <p
        className="cardParagraph"
      />
    </div>
    <div
      className="col-md-4"
    >
      <h4
        className="cardTitle"
      />
      <p
        className="cardParagraph"
      />
    </div>
    <div
      className="col-md-4"
    >
      <h4
        className="cardTitle"
      />
      <p
        className="cardParagraph"
      />
    </div>
    <div
      className="col-md-4"
    >
      <h4
        className="cardTitle"
      />
      <p
        className="cardParagraph"
      />
    </div>
    <div
      className="col-md-4"
    >
      <h4
        className="cardTitle"
      />
      <p
        className="cardParagraph"
      />
    </div>
    <div
      className="col-md-4"
    >
      <h4
        className="cardTitle"
      />
      <p
        className="cardParagraph"
      />
    </div>
    <div
      className="col-md-4"
    >
      <h4
        className="cardTitle"
      />
      <p
        className="cardParagraph"
      />
    </div>
    <div
      className="col-md-4"
    >
      <h4
        className="cardTitle"
      />
      <p
        className="cardParagraph"
      />
    </div>
  </div>
  <div
    className="teamImgDiv"
  >
    <img
      alt="about team img"
      className="aboutTeamImg"
      src="aboutImg.png"
    />
  </div>
</div>
`;
