// Jest Snapshot v1, https://goo.gl/fbAQLP

exports[`renders SuccessStories correctly 1`] = `
<div
  className="container"
>
  <h1
    className="text-center title"
  >
    Sucess Stories
  </h1>
  <p
    className="text-center title"
  >
    We succeed to deliver the happiness to more than 1000 person, help us to increase the number 
    <br />
     and participate in changing the world
  </p>
  <div
    className="justify-content-md-center row"
  >
    <div
      className="successStoriesSinglePost col-lg-3 col-sm-12"
    >
      <p
        className="successStoriesCardTitle text-center"
      >
        One week ago
      </p>
      <div
        className="successStoriesCardBody"
      >
        <p
          className="text-center"
        >
          Ahmed gave blankets he didn't need it to vulnerable family last winter, by this he participate in reducing the harsh winter season cold.
        </p>
        <img
          alt=""
          src="https://encrypted-tbn0.gstatic.com/images?q=tbn%3AANd9GcTu9sbpuDCREIss1uBnJ5AE6Ggyyc9PtA6ttg&usqp=CAU"
        />
      </div>
    </div>
    <div
      className="successStoriesSinglePost col-lg-3 col-sm-12"
    >
      <p
        className="successStoriesCardTitle text-center"
      >
        Two weeks ago
      </p>
      <div
        className="successStoriesCardBody"
      >
        <p
          className="text-center"
        >
          Musicians, actors and influencers plan social media takeover to support #MarchForOurLives
        </p>
        <img
          alt=""
          src="https://encrypted-tbn0.gstatic.com/images?q=tbn%3AANd9GcQMKzI_IJS7u0bpB4qQTFdW4yztlQ0mYoq3pg&usqp=CAU"
        />
      </div>
    </div>
    <div
      className="successStoriesSinglePost col-lg-3 col-sm-12"
    >
      <p
        className="successStoriesCardTitle text-center"
      >
        One month ago
      </p>
      <div
        className="successStoriesCardBody"
      >
        <p
          className="text-center"
        >
          Ammar donated his computer to a high school student.
        </p>
        <img
          alt=""
          src="https://encrypted-tbn0.gstatic.com/images?q=tbn%3AANd9GcQayyYmKyYJ18CTiOSpcLV3SCiCP65Bp8Cu2w&usqp=CAU"
        />
      </div>
    </div>
  </div>
</div>
`;
