// Jest Snapshot v1, https://goo.gl/fbAQLP

exports[`renders SuccessStories correctly 1`] = `
<div
  className="successStoriesContaier container"
>
  <p
    className="text-center successTitle"
  >
    successStories.header
  </p>
  <p
    className="text-center successParagraph"
  >
    successStories.paragraph
  </p>
  <div
    className="postsSuccessStories row"
    fluid="md"
  />
</div>
`;
