// Jest Snapshot v1, https://goo.gl/fbAQLP

exports[`renders OurTeam correctly 1`] = `
<div>
  <div>
    <h2
      className="teamSection"
    >
      Our Team
    </h2>
    <p
      className="teamSection teamParagraph"
    >
      Home is behind, the world ahead and there are many paths to tread through shadows to the edge.
    </p>
  </div>
  <div
    className="row"
  >
    <div
      className="memberCol col-md-4"
    >
      <img
        className="teamMemberImg"
        src="luey.png"
      />
      <h4 />
      <p
        className="memberTitle"
      />
    </div>
    <div
      className="memberCol col-md-4"
    >
      <img
        className="teamMemberImg"
        src="ola.png"
      />
      <h4 />
      <p
        className="memberTitle"
      />
    </div>
    <div
      className="memberCol col-md-4"
    >
      <img
        className="teamMemberImg"
        src="knar.png"
      />
      <h4 />
      <p
        className="memberTitle"
      />
    </div>
    <div
      className="memberCol col-md-4"
    >
      <img
        className="teamMemberImg"
        src="betul.png"
      />
      <h4 />
      <p
        className="memberTitle"
      />
    </div>
    <div
      className="memberCol col-md-4"
    >
      <img
        className="teamMemberImg"
        src="orcun.png"
      />
      <h4 />
      <p
        className="memberTitle"
      />
    </div>
    <div
      className="memberCol col-md-4"
    >
      <img
        className="teamMemberImg"
        src="ammar.png"
      />
      <h4 />
      <p
        className="memberTitle"
      />
    </div>
    <div
      className="memberCol col-md-4"
    >
      <img
        className="teamMemberImg"
      />
      <h4 />
      <p
        className="memberTitle"
      />
    </div>
    <div
      className="memberCol col-md-4"
    >
      <img
        className="teamMemberImg"
      />
      <h4 />
      <p
        className="memberTitle"
      />
    </div>
    <div
      className="memberCol col-md-4"
    >
      <img
        className="teamMemberImg"
      />
      <h4 />
      <p
        className="memberTitle"
      />
    </div>
    <div
      className="memberCol col-md-4"
    >
      <img
        className="teamMemberImg"
      />
      <h4 />
      <p
        className="memberTitle"
      />
    </div>
  </div>
</div>
`;
